// Jest Snapshot v1, https://goo.gl/fbAQLP

exports[`App renders without crashing 1`] = `
<div>
  <div>
    <a
      href="https://vitejs.dev"
      target="_blank"
    >
      <img
        alt="Vite logo"
        class="logo"
        src="test-file-stub"
      />
    </a>
    <a
      href="https://react.dev"
      target="_blank"
    >
      <img
        alt="React logo"
        class="logo react"
        src="test-file-stub"
      />
    </a>
  </div>
  <h1>
    Vite + React
  </h1>
  <div
    class="card"
  >
    <button>
      count is 
      0
    </button>
    <p>
      Edit 
      <code>
        src/App.tsx
      </code>
       and save to test HMR
    </p>
  </div>
  <p
    class="read-the-docs"
  >
    Click on the Vite and React logos to learn more
  </p>
</div>
`;

exports[`App should click the button increment 1`] = `
<div>
  <div>
    <a
      href="https://vitejs.dev"
      target="_blank"
    >
      <img
        alt="Vite logo"
        class="logo"
        src="test-file-stub"
      />
    </a>
    <a
      href="https://react.dev"
      target="_blank"
    >
      <img
        alt="React logo"
        class="logo react"
        src="test-file-stub"
      />
    </a>
  </div>
  <h1>
    Vite + React
  </h1>
  <div
    class="card"
  >
    <button>
      count is 
      1
    </button>
    <p>
      Edit 
      <code>
        src/App.tsx
      </code>
       and save to test HMR
    </p>
  </div>
  <p
    class="read-the-docs"
  >
    Click on the Vite and React logos to learn more
  </p>
</div>
`;
